// Jest Snapshot v1, https://goo.gl/fbAQLP

exports[`Feathers application tests Default route does not exist 1`] = `
Object {
  "className": "not-found",
  "code": 404,
  "data": Object {
    "url": "/",
  },
  "errors": Object {},
  "message": "Page not found",
  "name": "NotFound",
}
`;
